[caawn.org.sa/index.html]
[backblue.gif]
[fade.gif]
[index.html]
[caawn.org.sa/feed/index.html]
[caawn.org.sa/wp-includes/css/dist/block-library/style-rtl.min32d4.css]
[caawn.org.sa/wp-includes/css/dist/components/style-rtl.min32d4.css]
[caawn.org.sa/wp-includes/css/dist/preferences/style.min32d4.css]
[caawn.org.sa/wp-includes/css/dist/block-editor/style-rtl.min32d4.css]
[caawn.org.sa/comments/feed/index.html]
[caawn.org.sa/wp-includes/css/dist/reusable-blocks/style-rtl.min32d4.css]
[caawn.org.sa/wp-includes/css/dist/patterns/style-rtl.min32d4.css]
[caawn.org.sa/wp-includes/css/dist/editor/style-rtl.min32d4.css]
[caawn.org.sa/wp-content/plugins/algori-pdf-viewer/dist/blocks.style.build.css]
[caawn.org.sa/wp-content/plugins/logo-carousel-free/public/assets/css/swiper-bundle.mina4f3.css]
[caawn.org.sa/wp-content/plugins/logo-carousel-free/public/assets/css/font-awesome.mina4f3.css]
[caawn.org.sa/wp-content/plugins/logo-carousel-free/public/assets/css/style.mina4f3.css]
[caawn.org.sa/wp-content/plugins/wp-polls/polls-cssb2de.css]
[caawn.org.sa/wp-content/plugins/wp-polls/images/default/pollbg.gif]
[caawn.org.sa/wp-content/plugins/wp-polls/polls-css-rtlb2de.css]
[caawn.org.sa/wp-content/themes/mharty/css/stylef22c.css]
[caawn.org.sa/wp-content/plugins/chaty/css/chaty-front.min29fe.css]
[caawn.org.sa/wp-content/plugins/mh-author-page-cover/assets/css/stylea1ec.css]
[caawn.org.sa/wp-content/plugins/mh-loveit/assets/css/style3d36.css]
[caawn.org.sa/wp-content/plugins/mh-magazine/assets/css/style9a8d.css]
[caawn.org.sa/wp-content/plugins/mh-reviews/assets/css/style8d5a.css]
[caawn.org.sa/wp-content/plugins/mh-shop/assets/css/modern9b30.css]
[caawn.org.sa/wp-content/plugins/mh-shortcodes/css/mhsc_shortcodes.css]
[caawn.org.sa/wp-content/plugins/tablepress/css/build/default-rtl2072.css]
[caawn.org.sa/wp-content/plugins/ultimate-member/assets/css/um-modal.min5d00.css]
[caawn.org.sa/wp-content/plugins/ultimate-member/assets/libs/jquery-ui/jquery-ui.min3f14.css]
[caawn.org.sa/wp-content/plugins/ultimate-member/assets/libs/tipsy/tipsy.mina677.css]
[caawn.org.sa/wp-content/plugins/ultimate-member/assets/libs/raty/um-raty.mind315.css]
[caawn.org.sa/wp-content/plugins/ultimate-member/assets/libs/select2/select2.min4819.css]
[caawn.org.sa/wp-content/plugins/ultimate-member/assets/css/um-fileupload.min5d00.css]
[caawn.org.sa/wp-content/plugins/ultimate-member/assets/libs/um-confirm/um-confirm.min5152.css]
[caawn.org.sa/wp-content/plugins/ultimate-member/assets/libs/pickadate/default.min822f.css]
[caawn.org.sa/wp-content/plugins/ultimate-member/assets/libs/pickadate/default.date.min822f.css]
[caawn.org.sa/wp-content/plugins/ultimate-member/assets/libs/pickadate/default.time.min822f.css]
[caawn.org.sa/wp-content/plugins/ultimate-member/assets/libs/legacy/fonticons/fonticons-ii.min5d00.css]
[caawn.org.sa/wp-content/plugins/ultimate-member/assets/libs/legacy/fonticons/fonticons-fa.min5d00.css]
[caawn.org.sa/wp-content/plugins/ultimate-member/assets/css/common.min5d00.css]
[caawn.org.sa/wp-content/plugins/ultimate-member/assets/css/um-fontawesome.mine63c.css]
[caawn.org.sa/wp-content/plugins/ultimate-member/assets/css/um-responsive.min5d00.css]
[caawn.org.sa/wp-content/plugins/ultimate-member/assets/css/um-styles.min5d00.css]
[caawn.org.sa/wp-content/plugins/ultimate-member/assets/libs/cropper/cropper.min51a2.css]
[caawn.org.sa/wp-content/plugins/ultimate-member/assets/css/um-profile.min5d00.css]
[caawn.org.sa/wp-content/plugins/ultimate-member/assets/css/um-account.min5d00.css]
[caawn.org.sa/wp-content/plugins/ultimate-member/assets/css/um-misc.min5d00.css]
[caawn.org.sa/wp-content/plugins/ultimate-member/assets/css/um.rtl.min5d00.css]
[caawn.org.sa/wp-content/plugins/ultimate-member/assets/css/um-old-default.min5d00.css]
[caawn.org.sa/wp-content/plugins/call-now-button/resources/style/modern2846.css]
[caawn.org.sa/wp-includes/js/jquery/jquery.minf43b.js]
[caawn.org.sa/wp-includes/js/jquery/jquery-migrate.min5589.js]
[caawn.org.sa/wp-content/plugins/ultimate-member/assets/js/um-gdpr.min5d00.js]
[caawn.org.sa/wp-json/index.html]
[caawn.org.sa/wp-json/wp/v2/pages/7088.json]
[caawn.org.sa/xmlrpc0db0.php]
[caawn.org.sa/wp-json/oembed/1.0/embed5686.json]
[caawn.org.sa/wp-json/oembed/1.0/embedee77]
[caawn.org.sa/wp-content/uploads/2025/09/title-rr.png]
[caawn.org.sa/wp-content/uploads/2025/09/title-ll.png]
[caawn.org.sa/wp-content/uploads/2025/09/title-rr1.png]
[caawn.org.sa/wp-content/uploads/2025/09/title-ll1.png]
[caawn.org.sa/wp-content/uploads/2025/09/bg3.png]
[caawn.org.sa/wp-content/uploads/2025/09/bag5.png]
[caawn.org.sa/wp-content/uploads/2025/09/element_32.png]
[caawn.org.sa/wp-content/uploads/2024/11/headerqc.jpg]
[caawn.org.sa/wp-content/plugins/mh-more-icons/assets/css/steadysets.css]
[caawn.org.sa/wp-content/plugins/mh-more-icons/assets/css/fontawesome.css]
[caawn.org.sa/wp-content/plugins/mh-more-icons/assets/css/lineicons.css]
[caawn.org.sa/wp-content/plugins/mh-more-icons/assets/css/etline.css]
[caawn.org.sa/wp-content/plugins/mh-more-icons/assets/css/icomoon.css]
[caawn.org.sa/wp-content/plugins/mh-more-icons/assets/css/linearicons.css]
[caawn.org.sa/wp-content/uploads/2025/09/cropped-512-32x32.jpg]
[caawn.org.sa/wp-content/uploads/2025/09/cropped-512-192x192.jpg]
[caawn.org.sa/wp-content/uploads/2025/09/cropped-512-180x180.jpg]
[caawn.org.sa/wp-content/uploads/2025/10/نص-فقرتك-3.png]
[caawn.org.sa/wp-content/uploads/2025/08/الافصاح-الشامل-1.pdf]
[caawn.org.sa/vision-2/index.html]
[caawn.org.sa/شهادة-تسجيل-الجمعيه/index.html]
[caawn.org.sa/الهيكل-التنظيمى/index.html]
[caawn.org.sa/speech-of-the-president-of-the-association/index.html]
[caawn.org.sa/objectives/index.html]
[caawn.org.sa/aspirations-2/index.html]
[caawn.org.sa/features-for-shareholders-2/index.html]
[caawn.org.sa/members-of-the-general-assembly/index.html]
[caawn.org.sa/personnel/index.html]
[caawn.org.sa/members-of-the-board-of-directors/index.html]
[caawn.org.sa/rules-and-regulations/index.html]
[caawn.org.sa/politics/index.html]
[caawn.org.sa/financial-statements/index.html]
[caawn.org.sa/general-assembly-meetings/index.html]
[caawn.org.sa/board-of-directors-meetings/index.html]
[caawn.org.sa/أملاك-الجمعية/index.html]
[caawn.org.sa/الوصف-الوظيفى-للموظفين/index.html]
[caawn.org.sa/بطاقات-الوصف-الوظيفي-للوضائف-المالية/index.html]
[caawn.org.sa/reports-of-training-programs-for-employees/index.html]
[caawn.org.sa/the-technical-presentation-of-the-association/index.html]
[caawn.org.sa/our-projects/index.html]
[caawn.org.sa/training-needs-guide/index.html]
[caawn.org.sa/our-services/index.html]
[caawn.org.sa/wp-content/uploads/2025/09/sliedar.jpg]
[caawn.org.sa/auction-and-offers/index.html]
[caawn.org.sa/خبراء-الجمعية/index.html]
[caawn.org.sa/jobs/index.html]
[caawn.org.sa/category/news/index.html]
[caawn.org.sa/contact-us/index.html]
[caawn.org.sa/wp-content/uploads/2025/09/image-fx-2-67db9c0ec7088-1024x559-1.webp]
[caawn.org.sa/project/programscourse/index.html]
[caawn.org.sa/wp-content/uploads/2025/09/aiy.png]
[caawn.org.sa/wp-content/uploads/2025/09/1605727793.gif]
[caawn.org.sa/wp-content/uploads/2025/09/target-unscreen.gif]
[caawn.org.sa/wp-content/uploads/2025/09/1605727755.gif]
[caawn.org.sa/wp-content/uploads/2025/09/news-2.jpg]
[caawn.org.sa/wp-content/uploads/ultimatemember/2/profile_photo-40x40755a.jpg]
[caawn.org.sa/تعرف-على-الجمعية-الزراعية-بغرب-نجران/index.html]
[caawn.org.sa/wp-content/uploads/2025/09/GpJComHWUAA9w-A-80x80.jpg]
[caawn.org.sa/wp-content/uploads/2025/09/GJ2L9nQXYAAOgIU-80x80.jpg]
[caawn.org.sa/حصول-الجمعية-التعاونية-الزراعية-بغرب/index.html]
[caawn.org.sa/توقيع-اتفاقيه-تعاون-بين-الشركة-نيوبلا/index.html]
[caawn.org.sa/ازاحة-الستار-عن-الجمعيه-التعاونية-الز/index.html]
[caawn.org.sa/wp-content/uploads/2025/09/cb043c1db9dd931d9d358ce263ac2fd8-80x80.jpg]
[caawn.org.sa/wp-content/uploads/2025/09/user.png]
[caawn.org.sa/wp-content/uploads/2025/09/15-1.png]
[caawn.org.sa/wp-content/uploads/2025/09/8073.png]
[caawn.org.sa/wp-content/uploads/2025/09/gsm3.jpg]
[caawn.org.sa/wp-content/uploads/2025/09/sh1.png]
[caawn.org.sa/wp-content/uploads/2025/09/sh3.png]
[caawn.org.sa/wp-content/uploads/2025/09/sh4.png]
[caawn.org.sa/wp-content/uploads/2025/09/sh5.png]
[caawn.org.sa/wp-content/uploads/2025/09/sh8.png]
[caawn.org.sa/wp-content/uploads/2025/09/vision.png]
[caawn.org.sa/wp-content/uploads/2025/09/separator.png]
[caawn.org.sa/wp-content/uploads/2025/09/pattrenalajlan.png]
[caawn.org.sa/wp-content/uploads/2025/09/pattern_bg-1-1.png]
[caawn.org.sa/wp-content/uploads/2025/09/slider_bg.jpg]
[caawn.org.sa/wp-content/uploads/2025/09/bg-blook-1.png]
[caawn.org.sa/wp-content/uploads/2025/09/inside-bg-1.jpg]
[caawn.org.sa/wp-content/uploads/2025/09/t-mail.png]
[caawn.org.sa/wp-content/plugins/wp-polls/polls-jsb2de.js]
[caawn.org.sa/wp-includes/js/jquery/ui/effect.minb37e.js]
[caawn.org.sa/wp-content/themes/mharty/js/theme-bundlef22c.js]
[caawn.org.sa/wp-content/plugins/chaty/js/cht-front-script.min29fe.js]
[caawn.org.sa/wp-content/plugins/chaty/admin/assets/js/picmo-latest-umd.minb045.js]
[caawn.org.sa/wp-content/plugins/chaty/admin/assets/js/picmo-umd.minb045.js]
[caawn.org.sa/wp-content/plugins/mh-loveit/assets/js/scripts3d36.js]
[caawn.org.sa/wp-content/plugins/mh-shortcodes/js/lib/easing.min.js]
[caawn.org.sa/wp-content/plugins/mh-shortcodes/js/lib/bootstrap.min.js]
[caawn.org.sa/wp-content/plugins/mh-composer/app/js/composer6c2d.js]
[caawn.org.sa/wp-includes/js/underscore.min3ab8.js]
[caawn.org.sa/wp-includes/js/wp-util.min32d4.js]
[caawn.org.sa/wp-includes/js/dist/hooks.min4fdd.js]
[caawn.org.sa/wp-includes/js/dist/i18n.minc33c.js]
[caawn.org.sa/wp-content/plugins/ultimate-member/assets/libs/tipsy/tipsy.mina677.js]
[caawn.org.sa/wp-content/plugins/ultimate-member/assets/libs/um-confirm/um-confirm.min5152.js]
[caawn.org.sa/wp-content/plugins/ultimate-member/assets/libs/pickadate/picker.min822f.js]
[caawn.org.sa/wp-content/plugins/ultimate-member/assets/libs/pickadate/picker.date.min822f.js]
[caawn.org.sa/wp-content/plugins/ultimate-member/assets/libs/pickadate/picker.time.min822f.js]
[caawn.org.sa/wp-content/plugins/ultimate-member/assets/libs/pickadate/translations/ar.min822f.js]
[caawn.org.sa/wp-content/plugins/ultimate-member/assets/js/common.min5d00.js]
[caawn.org.sa/wp-content/plugins/ultimate-member/assets/libs/cropper/cropper.min51a2.js]
[caawn.org.sa/wp-content/plugins/ultimate-member/assets/js/common-frontend.min5d00.js]
[caawn.org.sa/wp-content/plugins/ultimate-member/assets/js/um-modal.min5d00.js]
[caawn.org.sa/wp-content/plugins/ultimate-member/assets/libs/jquery-form/jquery-form.min5d00.js]
[caawn.org.sa/wp-content/plugins/ultimate-member/assets/libs/fileupload/fileupload5d00.js]
[caawn.org.sa/wp-content/plugins/ultimate-member/assets/js/um-functions.min5d00.js]
[caawn.org.sa/wp-content/plugins/ultimate-member/assets/js/um-responsive.min5d00.js]
[caawn.org.sa/wp-content/plugins/ultimate-member/assets/js/um-conditional.min5d00.js]
[caawn.org.sa/wp-content/plugins/ultimate-member/assets/libs/select2/i18n/ar4819.js]
[caawn.org.sa/wp-content/plugins/ultimate-member/assets/libs/select2/select2.full.min4819.js]
[caawn.org.sa/wp-content/plugins/ultimate-member/assets/libs/raty/um-raty.mind315.js]
[caawn.org.sa/wp-content/plugins/ultimate-member/assets/js/um-scripts.min5d00.js]
[caawn.org.sa/wp-content/plugins/ultimate-member/assets/js/um-profile.min5d00.js]
[caawn.org.sa/wp-content/plugins/ultimate-member/assets/js/um-account.min5d00.js]
[caawn.org.sa/wp-content/plugins/mh-magazine/assets/js/scripts9a8d.js]
[caawn.org.sa/wp-content/plugins/mh-composer/app/js/easypiechart.min6c2d.js]
[caawn.org.sa/wp-content/plugins/logo-carousel-free/public/assets/js/swiper-bundle.mina4f3.js]
[caawn.org.sa/index.html]
[caawn.org.sa/xmlrpc.php]
[caawn.org.sa/wp-includes/css/dist/block-library/style-rtl.min32d4.css]
[caawn.org.sa/wp-includes/css/dist/components/style-rtl.min32d4.css]
[caawn.org.sa/wp-includes/css/dist/preferences/style.min32d4.css]
[caawn.org.sa/wp-includes/css/dist/block-editor/style-rtl.min32d4.css]
[caawn.org.sa/wp-includes/css/dist/reusable-blocks/style-rtl.min32d4.css]
[caawn.org.sa/wp-includes/css/dist/patterns/style-rtl.min32d4.css]
[caawn.org.sa/wp-includes/css/dist/editor/style-rtl.min32d4.css]
[caawn.org.sa/wp-content/plugins/algori-pdf-viewer/dist/blocks.style.build.css]
[caawn.org.sa/wp-content/plugins/logo-carousel-free/public/assets/css/swiper-bundle.mina4f3.css]
[caawn.org.sa/wp-content/plugins/logo-carousel-free/public/assets/js/splc-script.mina4f3.js]
[caawn.org.sa/wp-content/plugins/logo-carousel-free/public/assets/fonts/fontawesome-webfont5b62.eot]
[caawn.org.sa/wp-content/plugins/logo-carousel-free/public/assets/fonts/fontawesome-webfontd41d.eot]
[caawn.org.sa/wp-content/plugins/logo-carousel-free/public/assets/fonts/fontawesome-webfont5b62.woff2]
[caawn.org.sa/wp-content/plugins/logo-carousel-free/public/assets/fonts/fontawesome-webfont5b62.woff]
[caawn.org.sa/wp-content/plugins/logo-carousel-free/public/assets/fonts/fontawesome-webfont5b62.ttf]
[caawn.org.sa/wp-content/plugins/logo-carousel-free/public/assets/css/font-awesome.mina4f3.css]
[caawn.org.sa/wp-content/plugins/logo-carousel-free/public/assets/css/style.mina4f3.css]
[caawn.org.sa/wp-content/plugins/wp-polls/polls-cssb2de.css]
[caawn.org.sa/wp-content/plugins/wp-polls/polls-css-rtlb2de.css]
[caawn.org.sa/wp-content/themes/mharty/css/fonts/mhicons7df9.eot]
[caawn.org.sa/wp-content/themes/mharty/css/fonts/mhicons7df9.woff]
[caawn.org.sa/wp-content/themes/mharty/css/fonts/mhicons7df9.ttf]
[caawn.org.sa/wp-content/themes/mharty/images/subscribe-loader.gif]
[caawn.org.sa/wp-content/themes/mharty/images/comment-arrow.png]
[caawn.org.sa/wp-content/themes/mharty/css/stylef22c.css]
[caawn.org.sa/wp-content/plugins/chaty/images/whatsapp.png]
[caawn.org.sa/wp-content/plugins/chaty/images/whatsapp-welcome-popup.png]
[caawn.org.sa/wp-content/plugins/chaty/images/header-top.png]
[caawn.org.sa/wp-content/plugins/chaty/images/header-bottom.png]
[caawn.org.sa/wp-content/plugins/chaty/css/chaty-front.min29fe.css]
[caawn.org.sa/wp-content/plugins/mh-author-page-cover/assets/img/heading.png]
[caawn.org.sa/wp-content/plugins/mh-author-page-cover/assets/css/stylea1ec.css]
[caawn.org.sa/wp-content/plugins/mh-loveit/assets/css/style3d36.css]
[caawn.org.sa/wp-content/plugins/mh-magazine/assets/css/style9a8d.css]
[caawn.org.sa/wp-content/plugins/mh-reviews/assets/css/style8d5a.css]
[caawn.org.sa/wp-content/plugins/mh-shop/assets/css/modern9b30.css]
[caawn.org.sa/wp-content/plugins/mh-shortcodes/css/mhsc_shortcodes.css]
[caawn.org.sa/wp-content/plugins/tablepress/css/build/default-rtl2072.css]
[caawn.org.sa/wp-content/plugins/ultimate-member/assets/img/loading.gif]
[caawn.org.sa/wp-content/plugins/ultimate-member/assets/css/um-modal.min5d00.css]
[caawn.org.sa/wp-content/plugins/ultimate-member/assets/libs/jquery-ui/images/ui-icons_444444_256x240.png]
[caawn.org.sa/wp-content/plugins/ultimate-member/assets/libs/jquery-ui/images/ui-icons_555555_256x240.png]
[caawn.org.sa/wp-content/plugins/ultimate-member/assets/libs/jquery-ui/images/ui-icons_ffffff_256x240.png]
[caawn.org.sa/wp-content/plugins/ultimate-member/assets/libs/jquery-ui/images/ui-icons_777620_256x240.png]
[caawn.org.sa/wp-content/plugins/ultimate-member/assets/libs/jquery-ui/images/ui-icons_cc0000_256x240.png]
[caawn.org.sa/wp-content/plugins/ultimate-member/assets/libs/jquery-ui/images/ui-icons_777777_256x240.png]
[caawn.org.sa/wp-content/plugins/ultimate-member/assets/libs/jquery-ui/jquery-ui.min3f14.css]
[caawn.org.sa/wp-content/plugins/ultimate-member/assets/libs/tipsy/tipsy.mina677.css]
[caawn.org.sa/wp-content/plugins/ultimate-member/assets/libs/raty/font/raty.eot]
[caawn.org.sa/wp-content/plugins/ultimate-member/assets/libs/raty/font/ratyd41d.eot]
[caawn.org.sa/wp-content/plugins/ultimate-member/assets/libs/raty/font/raty.ttf]
[caawn.org.sa/wp-content/plugins/ultimate-member/assets/libs/raty/font/raty.woff]
[caawn.org.sa/wp-content/plugins/ultimate-member/assets/libs/raty/um-raty.mind315.css]
[caawn.org.sa/wp-content/plugins/ultimate-member/assets/libs/select2/select2.min4819.css]
[caawn.org.sa/wp-content/plugins/ultimate-member/assets/css/um-fileupload.min5d00.css]
[caawn.org.sa/wp-content/plugins/ultimate-member/assets/libs/um-confirm/um-confirm.min5152.css]
[caawn.org.sa/wp-content/plugins/ultimate-member/assets/libs/pickadate/default.min822f.css]
[caawn.org.sa/wp-content/plugins/ultimate-member/assets/libs/pickadate/default.date.min822f.css]
[caawn.org.sa/wp-content/plugins/ultimate-member/assets/libs/pickadate/default.time.min822f.css]
[caawn.org.sa/wp-content/plugins/ultimate-member/assets/libs/legacy/fonticons/font/ionicons28b5.eot]
[caawn.org.sa/wp-content/plugins/ultimate-member/assets/libs/legacy/fonticons/font/ionicons28b5.woff]
[caawn.org.sa/wp-content/plugins/ultimate-member/assets/libs/legacy/fonticons/font/ionicons28b5.ttf]
[caawn.org.sa/wp-content/plugins/ultimate-member/assets/libs/legacy/fonticons/fonticons-ii.min5d00.css]
[caawn.org.sa/wp-content/plugins/ultimate-member/assets/libs/legacy/fonticons/font/fontawesome-webfont78ce.eot]
[caawn.org.sa/wp-content/plugins/ultimate-member/assets/libs/legacy/fonticons/font/fontawesome-webfont78ce.woff]
[caawn.org.sa/wp-content/plugins/ultimate-member/assets/libs/legacy/fonticons/font/fontawesome-webfont78ce.ttf]
[caawn.org.sa/wp-content/plugins/ultimate-member/assets/libs/legacy/fonticons/fonticons-fa.min5d00.css]
[caawn.org.sa/wp-content/plugins/ultimate-member/assets/libs/fontawesome/webfonts/fa-brands-400.woff2]
[caawn.org.sa/wp-content/plugins/ultimate-member/assets/libs/fontawesome/webfonts/fa-brands-400.ttf]
[caawn.org.sa/wp-content/plugins/ultimate-member/assets/libs/fontawesome/webfonts/fa-regular-400.woff2]
[caawn.org.sa/wp-content/plugins/ultimate-member/assets/libs/fontawesome/webfonts/fa-regular-400.ttf]
[caawn.org.sa/wp-content/plugins/ultimate-member/assets/libs/fontawesome/webfonts/fa-solid-900.woff2]
[caawn.org.sa/wp-content/plugins/ultimate-member/assets/libs/fontawesome/webfonts/fa-solid-900.ttf]
[caawn.org.sa/wp-content/plugins/ultimate-member/assets/css/um-fontawesome.mine63c.css]
[caawn.org.sa/wp-content/plugins/ultimate-member/assets/css/common.min5d00.css]
[caawn.org.sa/wp-content/plugins/ultimate-member/assets/css/um-responsive.min5d00.css]
[caawn.org.sa/wp-content/plugins/ultimate-member/assets/css/um-styles.min5d00.css]
[caawn.org.sa/wp-content/plugins/ultimate-member/assets/libs/cropper/cropper.min51a2.css]
[caawn.org.sa/wp-content/plugins/ultimate-member/assets/img/loading-dots.gif]
[caawn.org.sa/wp-content/plugins/ultimate-member/assets/css/um-profile.min5d00.css]
[caawn.org.sa/wp-content/plugins/ultimate-member/assets/css/um-account.min5d00.css]
[caawn.org.sa/wp-content/plugins/ultimate-member/assets/css/um-misc.min5d00.css]
[caawn.org.sa/wp-content/plugins/ultimate-member/assets/css/um.rtl.min5d00.css]
[caawn.org.sa/wp-content/plugins/ultimate-member/assets/css/um-old-default.min5d00.css]
[caawn.org.sa/wp-content/plugins/call-now-button/resources/style/modern2846.css]
[caawn.org.sa/wp-content/uploads/2024/11/headerqc.html]
[caawn.org.sa/wp-content/plugins/mh-more-icons/assets/css/fonts/Steadysetsaed8.eot]
[caawn.org.sa/wp-content/plugins/mh-more-icons/assets/css/fonts/Steadysetsd41d.eot]
[caawn.org.sa/wp-content/plugins/mh-more-icons/assets/css/fonts/Steadysetsaed8.woff]
[caawn.org.sa/fonts/Steadysetsaed8.ttf]
[caawn.org.sa/wp-content/plugins/mh-more-icons/assets/css/steadysets.css]
[caawn.org.sa/wp-content/plugins/mh-more-icons/assets/css/fonts/FontAwesome61e4.eot]
[caawn.org.sa/wp-content/plugins/mh-more-icons/assets/css/fonts/FontAwesomed41d.eot]
[caawn.org.sa/wp-content/plugins/mh-more-icons/assets/css/fonts/FontAwesome61e4.woff]
[caawn.org.sa/wp-content/plugins/mh-more-icons/assets/css/fonts/FontAwesome61e4.ttf]
[caawn.org.sa/wp-content/plugins/mh-more-icons/assets/css/fontawesome.css]
[caawn.org.sa/wp-content/plugins/mh-more-icons/assets/css/fonts/Linecons2ad4.eot]
[caawn.org.sa/wp-content/plugins/mh-more-icons/assets/css/fonts/Lineconsd41d.eot]
[caawn.org.sa/wp-content/plugins/mh-more-icons/assets/css/fonts/Linecons2ad4.woff]
[caawn.org.sa/wp-content/plugins/mh-more-icons/assets/css/fonts/Linecons2ad4.ttf]
[caawn.org.sa/wp-content/plugins/mh-more-icons/assets/css/lineicons.css]
[caawn.org.sa/wp-content/plugins/mh-more-icons/assets/css/fonts/ETlineicons9dd7.eot]
[caawn.org.sa/wp-content/plugins/mh-more-icons/assets/css/fonts/ETlineiconsd41d.eot]
[caawn.org.sa/wp-content/plugins/mh-more-icons/assets/css/fonts/ETlineicons9dd7.woff]
[caawn.org.sa/wp-content/plugins/mh-more-icons/assets/css/fonts/ETlineicons9dd7.ttf]
[caawn.org.sa/wp-content/plugins/mh-more-icons/assets/css/etline.css]
[caawn.org.sa/wp-content/plugins/mh-more-icons/assets/css/fonts/IcoMoon7e62.eot]
[caawn.org.sa/wp-content/plugins/mh-more-icons/assets/css/fonts/IcoMoond41d.eot]
[caawn.org.sa/wp-content/plugins/mh-more-icons/assets/css/fonts/IcoMoon7e62.woff]
[caawn.org.sa/wp-content/plugins/mh-more-icons/assets/css/fonts/IcoMoon7e62.ttf]
[caawn.org.sa/wp-content/plugins/mh-more-icons/assets/css/icomoon.css]
[caawn.org.sa/wp-content/plugins/mh-more-icons/assets/css/fonts/Lineariconscd23.eot]
[caawn.org.sa/wp-content/plugins/mh-more-icons/assets/css/fonts/Lineariconscd23.ttf]
[caawn.org.sa/wp-content/plugins/mh-more-icons/assets/css/fonts/Lineariconscd23.woff]
[caawn.org.sa/wp-content/plugins/mh-more-icons/assets/css/linearicons.css]
[caawn.org.sa/wp-json/wp/v2/pages/5619.json]
[caawn.org.sa/wp-json/oembed/1.0/embedfa0f.json]
[caawn.org.sa/vision-2/index.html]
[caawn.org.sa/شهادة-تسجيل-الجمعيه/index.html]
[caawn.org.sa/الهيكل-التنظيمى/index.html]
[caawn.org.sa/wp-json/oembed/1.0/embed7894]
[caawn.org.sa/wp-json/wp/v2/pages/790.json]
[caawn.org.sa/wp-json/oembed/1.0/embed5503.json]
[caawn.org.sa/wp-json/oembed/1.0/embeda1c3]
[caawn.org.sa/wp-content/uploads/2025/09/صورة.jpg]
[caawn.org.sa/speech-of-the-president-of-the-association/index.html]
[caawn.org.sa/wp-json/wp/v2/pages/801.json]
[caawn.org.sa/wp-json/oembed/1.0/embed373f.json]
[caawn.org.sa/objectives/index.html]
[caawn.org.sa/wp-json/oembed/1.0/embede8b5]
[caawn.org.sa/wp-json/wp/v2/pages/2779.json]
[caawn.org.sa/wp-json/oembed/1.0/embed85b6.json]
[caawn.org.sa/aspirations-2/index.html]
[caawn.org.sa/wp-json/oembed/1.0/embed883e]
[caawn.org.sa/wp-json/wp/v2/pages/2785.json]
[caawn.org.sa/wp-json/oembed/1.0/embed48fc.json]
[caawn.org.sa/features-for-shareholders-2/index.html]
[caawn.org.sa/wp-json/oembed/1.0/embedbf2a]
[caawn.org.sa/wp-json/wp/v2/pages/845.json]
[caawn.org.sa/wp-json/oembed/1.0/embed6861.json]
[caawn.org.sa/members-of-the-general-assembly/index.html]
[caawn.org.sa/wp-json/oembed/1.0/embedf8b4]
[caawn.org.sa/wp-json/wp/v2/pages/855.json]
[caawn.org.sa/wp-json/oembed/1.0/embed8369.json]
[caawn.org.sa/wp-json/oembed/1.0/embed15ac]
[caawn.org.sa/wp-content/uploads/2025/09/arbitration_icon.png]
[caawn.org.sa/wp-content/uploads/2025/09/1.png]
[caawn.org.sa/wp-content/uploads/2025/09/6.jpg]
[caawn.org.sa/wp-content/uploads/2025/09/2.png]
[caawn.org.sa/wp-content/uploads/2025/09/5.jpg]
[caawn.org.sa/wp-content/uploads/2025/09/7.png]
[caawn.org.sa/wp-content/uploads/2025/09/3.jpg]
[caawn.org.sa/wp-content/uploads/2025/09/4.jpg]
[caawn.org.sa/members-of-the-board-of-directors/index.html]
[caawn.org.sa/wp-json/wp/v2/pages/877.json]
[caawn.org.sa/wp-json/oembed/1.0/embedde85.json]
[caawn.org.sa/wp-json/oembed/1.0/embed329e]
[caawn.org.sa/wp-content/uploads/2025/09/user-1.png]
[caawn.org.sa/personnel/index.html]
[caawn.org.sa/wp-json/wp/v2/pages/895.json]
[caawn.org.sa/wp-json/oembed/1.0/embed0bc4.json]
[caawn.org.sa/wp-json/oembed/1.0/embed33ac]
[caawn.org.sa/wp-content/uploads/2023/11/اللأئحة-الأساسية-1.pdf]
[caawn.org.sa/wp-content/uploads/2024/03/تعيين_المراجع_الداخلي.pdf]
[caawn.org.sa/wp-content/uploads/2023/11/اللائحة-المالية1.pdf]
[caawn.org.sa/wp-content/uploads/2023/11/اعتماد-المدير-التنفيذي.pdf]
[caawn.org.sa/wp-content/uploads/2023/11/الية-توزيع-الارباح1.pdf]
[caawn.org.sa/wp-content/uploads/2023/11/دليل_الاجراءات_المالية_والمحاسبية1.pdf]
[caawn.org.sa/wp-content/uploads/2023/11/لائحة-المشتريات1.pdf]
[caawn.org.sa/wp-content/uploads/2023/11/لائحة-الموارد-البشرية1.pdf]
[caawn.org.sa/wp-content/uploads/2023/11/لائحة_صلاحيات_الممثل_المالي1.pdf]
[caawn.org.sa/wp-content/uploads/2023/11/لائحة-الحوكمة1.pdf]
[caawn.org.sa/wp-content/uploads/2023/11/سياسة-الصرف-للبرامج-والانشطة1-1.pdf]
[caawn.org.sa/wp-content/uploads/2025/08/سياسة-آليات-الرقابة-والأشراف-على-الجمعية-وتقييمها.pdf]
[caawn.org.sa/wp-content/uploads/2023/11/لائحة-تنظيم-العمل-الموحدة2.pdf]
[caawn.org.sa/rules-and-regulations/index.html]
[caawn.org.sa/wp-content/plugins/tablepress/js/jquery.datatables.min2072.js]
[caawn.org.sa/wp-json/wp/v2/pages/905.json]
[caawn.org.sa/wp-json/oembed/1.0/embedf173.json]
[caawn.org.sa/wp-json/oembed/1.0/embedf607]
[caawn.org.sa/wp-content/uploads/2023/11/سياسات-تعارض-المصالح1.pdf]
[caawn.org.sa/wp-content/uploads/2023/11/سياسة-الإبلاغ-عن-المخالفات-وحماية-مقدمي-البلاغات1.pdf]
[caawn.org.sa/wp-content/uploads/2025/08/سياسة-قبول-الهبات-الجمعية-التعاونية-الزراعية-غرب-نجران.pdf]
[caawn.org.sa/wp-content/uploads/2023/11/سياسة-مكافحة-تمويل-الارهاب.pdf]
[caawn.org.sa/wp-content/uploads/2023/11/سياسة-خصوصية-البيانات1.pdf]
[caawn.org.sa/wp-content/uploads/2025/09/سياسة-إدارة-المخاطـــر.pdf]
[caawn.org.sa/wp-content/uploads/2025/08/سياسة-قواعد-السلوك.pdf]
[caawn.org.sa/wp-content/uploads/2025/08/سياسة_الصرف_للبرامج_والانشطة1-1.pdf]
[caawn.org.sa/wp-content/uploads/2025/08/سياسة-الاحتفاظ-بالوثائق-وأتلافها.pdf]
[caawn.org.sa/wp-content/uploads/2025/08/سياسة-التعامل-مع-الشركاءالمنفذين.pdf]
[caawn.org.sa/wp-content/uploads/2025/08/سياسة-مصفوفة-الصلاحيات-بين-مجلس-الإدارة-والإدارة-التنفيذية.pdf]
[caawn.org.sa/wp-content/uploads/2025/08/سياسة-منح-المكافآت-والامتيازات.pdf]
[caawn.org.sa/wp-content/uploads/2023/11/سياسة-إجراءات-التعامل-مع-المقبوضات-1.pdf]
[caawn.org.sa/wp-content/uploads/2025/08/سياسة-خصوصية-البيانات-1.pdf]
[caawn.org.sa/politics/index.html]
[caawn.org.sa/wp-json/wp/v2/pages/916.json]
[caawn.org.sa/wp-json/oembed/1.0/embedb2fe.json]
[caawn.org.sa/wp-json/oembed/1.0/embed28f7]
[caawn.org.sa/wp-content/uploads/2025/08/الميزانية-2024.pdf]
[caawn.org.sa/financial-statements/index.html]
[caawn.org.sa/wp-json/wp/v2/pages/930.json]
[caawn.org.sa/wp-json/oembed/1.0/embedb1e6.json]
[caawn.org.sa/wp-json/oembed/1.0/embedcdff]
[caawn.org.sa/wp-content/uploads/2024/02/ملف-الجمعية-العمومية.pdf]
[caawn.org.sa/general-assembly-meetings/index.html]
[caawn.org.sa/wp-json/wp/v2/pages/940.json]
[caawn.org.sa/wp-json/oembed/1.0/embed09d9.json]
[caawn.org.sa/wp-json/oembed/1.0/embed1f14]
[caawn.org.sa/wp-content/uploads/2025/10/المحضر-التاسع-2025.pdf]
[caawn.org.sa/wp-content/uploads/2025/10/المحضر-الثامن-2025.pdf]
[caawn.org.sa/wp-content/uploads/2025/10/المحضر-السابع-2025.pdf]
[caawn.org.sa/wp-content/uploads/2025/10/المحضر-السادس-2025.pdf]
[caawn.org.sa/wp-content/uploads/2025/10/المحضر-الخامس-2025.pdf]
[caawn.org.sa/wp-content/uploads/2025/10/المحضر-الرابع-2025.pdf]
[caawn.org.sa/wp-content/uploads/2025/10/المحضر-الثالث-2025.pdf]
[caawn.org.sa/wp-content/uploads/2025/10/المحضر-الثاني-2025.pdf]
[caawn.org.sa/wp-content/uploads/2025/10/المحضر-الاول-2025.pdf]
[caawn.org.sa/wp-content/uploads/2025/10/جميع-محاضر-2024.pdf]
[caawn.org.sa/wp-content/uploads/2024/02/جميع-محاضر-2023.pdf]
[caawn.org.sa/board-of-directors-meetings/index.html]
[caawn.org.sa/أملاك-الجمعية/index.html]
[caawn.org.sa/الوصف-الوظيفى-للموظفين/index.html]
[caawn.org.sa/بطاقات-الوصف-الوظيفي-للوضائف-المالية/index.html]
[caawn.org.sa/wp-json/wp/v2/pages/970.json]
[caawn.org.sa/wp-json/oembed/1.0/embed459a.json]
[caawn.org.sa/the-technical-presentation-of-the-association/index.html]
[caawn.org.sa/wp-json/oembed/1.0/embedccfe]
[caawn.org.sa/wp-json/wp/v2/pages/973.json]
[caawn.org.sa/wp-json/oembed/1.0/embedcc32.json]
[caawn.org.sa/wp-json/oembed/1.0/embed1639]
[caawn.org.sa/wp-content/uploads/2023/11/ملف-الدورات.pdf]
[caawn.org.sa/wp-content/plugins/pdf-embedder/assets/css/pdfemb.min20fd.css]
[caawn.org.sa/wp-content/plugins/pdf-embedder/assets/js/pdfjs/pdf.min277b.js]
[caawn.org.sa/reports-of-training-programs-for-employees/index.html]
[caawn.org.sa/wp-content/plugins/pdf-embedder/assets/js/pdfemb.min20fd.js]
[caawn.org.sa/wp-json/wp/v2/pages/976.json]
[caawn.org.sa/wp-json/oembed/1.0/embed63c3.json]
[caawn.org.sa/wp-json/oembed/1.0/embedad1e]
[caawn.org.sa/wp-content/uploads/2023/11/دورات-مطلوب-اتمامها-2.pdf]
[caawn.org.sa/training-needs-guide/index.html]
[caawn.org.sa/wp-json/wp/v2/pages/979.json]
[caawn.org.sa/wp-json/oembed/1.0/embedcc74.json]
[caawn.org.sa/wp-json/oembed/1.0/embedd496]
[caawn.org.sa/wp-content/uploads/2025/04/b4105bb5d4ad9fbafe97d3e6e884c48d-400x284.jpg]
[caawn.org.sa/project/beecourse/index.html]
[caawn.org.sa/wp-content/uploads/2025/09/pngtree-line-donkey-black-and-white-logo-abstract-drawing-of-png-image_1915743-400x284.jpg]
[caawn.org.sa/project/livestock/index.html]
[caawn.org.sa/wp-content/uploads/2025/01/1295bdeb-4e24-4372-8d61-3b7e806c2a4f-400x284.png]
[caawn.org.sa/project/desingecourse/index.html]
[caawn.org.sa/wp-content/uploads/2025/01/f4ae77af-a6c4-4387-94e0-465797f45511.png]
[caawn.org.sa/wp-content/uploads/2025/01/تصميم-بدون-عنوان-400x284.png]
[caawn.org.sa/project/sharingfarming/index.html]
[caawn.org.sa/wp-content/uploads/2025/01/v4-460px-Acidify-Soil-Step-13-Version-2-400x284.png]
[caawn.org.sa/project/tasmed/index.html]
[caawn.org.sa/project/phtest/index.html]
[caawn.org.sa/wp-content/uploads/2025/09/pngtree-pest-control-icon-icon-for-online-store-vector-png-image_7034861-1-400x284.png]
[caawn.org.sa/wp-content/uploads/2025/09/b8888e4e-6f3a-4d83-ab73-09bf685284ba-1.png]
[caawn.org.sa/wp-content/uploads/2025/09/images.png]
[caawn.org.sa/wp-content/uploads/2025/09/8e3f6001-b0ed-43c9-b3e3-5e1c2678eb22-400x284.png]
[caawn.org.sa/project/tjhez/index.html]
[caawn.org.sa/project/landskip/index.html]
[caawn.org.sa/wp-content/uploads/2025/09/دراسة-الجدوى-الاقتصادية-للمشروع_1646191033-400x284.png]
[caawn.org.sa/project/bater/index.html]
[caawn.org.sa/project/jdow/index.html]
[caawn.org.sa/wp-content/uploads/2023/08/bgg.jpg]
[caawn.org.sa/our-services/index.html]
[caawn.org.sa/wp-json/wp/v2/pages/989.json]
[caawn.org.sa/wp-json/oembed/1.0/embed8d6a.json]
[caawn.org.sa/our-projects/index.html]
[caawn.org.sa/خبراء-الجمعية/index.html]
[caawn.org.sa/wp-json/oembed/1.0/embed82b8]
[caawn.org.sa/wp-json/wp/v2/pages/3730.json]
[caawn.org.sa/wp-json/oembed/1.0/embedaa9c.json]
[caawn.org.sa/wp-json/oembed/1.0/embedb135]
[caawn.org.sa/wp-content/uploads/2023/11/دراسة-جدوى-لزراعة-البن-السعودي.pdf]
[caawn.org.sa/auction-and-offers/index.html]
[caawn.org.sa/wp-json/wp/v2/categories/2.json]
[caawn.org.sa/category/news/feed/index.html]
[caawn.org.sa/wp-content/uploads/2025/09/news-2-400x250.jpg]
[caawn.org.sa/wp-content/uploads/ultimatemember/2/profile_photo-40x408a1d.jpg]
[caawn.org.sa/wp-content/uploads/2025/09/GpJComHWUAA9w-A-400x250.jpg]
[caawn.org.sa/wp-content/uploads/2025/09/GJ2L9nQXYAAOgIU-400x250.jpg]
[caawn.org.sa/wp-content/uploads/2025/09/cb043c1db9dd931d9d358ce263ac2fd8-400x250.jpg]
[caawn.org.sa/category/news/index.html]
[caawn.org.sa/wp-content/plugins/mh-composer/app/js/masonry.min6c2d.js]
[caawn.org.sa/wp-json/wp/v2/pages/30924.json]
[caawn.org.sa/wp-json/oembed/1.0/embed6919.json]
[caawn.org.sa/wp-json/oembed/1.0/embedc77d]
[caawn.org.sa/wp-content/uploads/2025/10/jjoopp-1.png]
[caawn.org.sa/wp-content/uploads/2025/10/no-vacanciesar-1.png]
[caawn.org.sa/jobs/index.html]
[caawn.org.sa/wp-json/wp/v2/pages/1006.json]
[caawn.org.sa/wp-json/oembed/1.0/embedfe44.json]
[caawn.org.sa/wp-json/oembed/1.0/embed16d9]
[caawn.org.sa/wp-content/uploads/2025/09/contactt.jpg]
[caawn.org.sa/wp-content/uploads/2025/09/bg-amer-2.jpg]
[caawn.org.sa/contact-us/index.html]
[caawn.org.sa/wp-admin/index.html]
[caawn.org.sa/wp-login9ef8.html]
[caawn.org.sa/wp-json/oembed/1.0/embed4f29.json]
[caawn.org.sa/project/programscourse/feed/index.html]
[caawn.org.sa/wp-json/oembed/1.0/embed7b47]
[caawn.org.sa/wp-content/uploads/2025/09/b8888e4e-6f3a-4d83-ab73-09bf685284ba-1-80x80.png]
[caawn.org.sa/wp-content/uploads/2025/01/v4-460px-Acidify-Soil-Step-13-Version-2-80x80.png]
[caawn.org.sa/project/programscourse/index.html]
[caawn.org.sa/about/index.html]
[caawn.org.sa/تعرف-على-الجمعية-الزراعية-بغرب-نجران/index.html]
[caawn.org.sa/author/admin/index.html]
[caawn.org.sa/حصول-الجمعية-التعاونية-الزراعية-بغرب/index.html]
[caawn.org.sa/توقيع-اتفاقيه-تعاون-بين-الشركة-نيوبلا/index.html]
[caawn.org.sa/ازاحة-الستار-عن-الجمعيه-التعاونية-الز/index.html]
[caawn.org.sa/wp-content/plugins/logo-carousel-free/admin/assets/images/spinner.svg]
[caawn.org.sa/wp-content/plugins/logo-carousel-free/public/assets/fonts/fontawesome-webfont5b62.svg]
[caawn.org.sa/wp-content/themes/mharty/css/fonts/mhicons7df9.svg]
[caawn.org.sa/wp-content/themes/mharty/images/loader.svg]
[caawn.org.sa/wp-content/themes/mharty/images/desaturate.svg]
[caawn.org.sa/wp-content/plugins/ultimate-member/assets/libs/raty/font/raty.svg]
[caawn.org.sa/wp-content/plugins/ultimate-member/assets/libs/legacy/fonticons/font/ionicons28b5.svg]
[caawn.org.sa/wp-includes/js/comment-reply.min32d4.js]
[caawn.org.sa/wp-content/plugins/ultimate-member/assets/libs/legacy/fonticons/font/fontawesome-webfont78ce.svg]
[caawn.org.sa/fonts/Steadysetsaed8.html]
[caawn.org.sa/wp-content/plugins/mh-more-icons/assets/css/fonts/Steadysetsaed8.svg]
[caawn.org.sa/wp-content/plugins/mh-more-icons/assets/css/fonts/FontAwesome61e4.svg]
[caawn.org.sa/wp-content/plugins/mh-more-icons/assets/css/fonts/Linecons2ad4.svg]
[caawn.org.sa/wp-content/plugins/mh-more-icons/assets/css/fonts/ETlineicons9dd7.svg]
[caawn.org.sa/wp-content/plugins/mh-more-icons/assets/css/fonts/IcoMoon7e62.svg]
[caawn.org.sa/wp-content/plugins/mh-more-icons/assets/css/fonts/Lineariconscd23.svg]
[caawn.org.sa/index0bac.html]
[caawn.org.sa/index895e.html]
[caawn.org.sa/indexa013.html]
[caawn.org.sa/index2349.html]
[caawn.org.sa/index21a3.html]
[caawn.org.sa/index4ac2.html]
[caawn.org.sa/indexc3f0.html]
[caawn.org.sa/indexe1f1.html]
[caawn.org.sa/index12e9.html]
[caawn.org.sa/index03b0.html]
[caawn.org.sa/index5998.html]
[caawn.org.sa/index3177.html]
[caawn.org.sa/indexb253.html]
[caawn.org.sa/index1469.html]
[caawn.org.sa/index236f.html]
[caawn.org.sa/user/admin/index.html]
[caawn.org.sa/about-the-association-2/index.html]
[caawn.org.sa/wp-content/plugins/pdf-embedder/assets/img/toolbarButton-pageUp.png]
[caawn.org.sa/wp-content/plugins/pdf-embedder/assets/img/toolbarButton-pageDown.png]
[caawn.org.sa/wp-content/plugins/pdf-embedder/assets/img/toolbarButton-zoomOut.png]
[caawn.org.sa/wp-content/plugins/pdf-embedder/assets/img/toolbarButton-zoomIn.png]
[caawn.org.sa/wp-content/plugins/pdf-embedder/assets/img/toolbarButton-presentationMode.png]
[caawn.org.sa/wp-content/plugins/pdf-embedder/assets/img/toolbarButton-download.png]
[caawn.org.sa/wp-content/plugins/pdf-embedder/assets/css/pdfemb.min20fd.css]
[caawn.org.sa/indexf8c8.html]
[caawn.org.sa/index4f47.html]
[caawn.org.sa/wp-json/oembed/1.0/embedd67c.json]
[caawn.org.sa/project/beecourse/feed/index.html]
[caawn.org.sa/wp-json/oembed/1.0/embed44cb]
[caawn.org.sa/wp-content/uploads/2025/04/b4105bb5d4ad9fbafe97d3e6e884c48d.png]
[caawn.org.sa/beecourse10-2/index.html]
[caawn.org.sa/beecourse16/index.html]
[caawn.org.sa/beecourse13/index.html]
[caawn.org.sa/دورة-تدريبية-22/index.html]
[caawn.org.sa/الدورة-رقم-25/index.html]
[caawn.org.sa/beecourse11/index.html]
[caawn.org.sa/beecourse14/index.html]
[caawn.org.sa/beecourse17/index.html]
[caawn.org.sa/الدورة-رقم-20/index.html]
[caawn.org.sa/beecourse12/index.html]
[caawn.org.sa/دورة-تدريبية-23/index.html]
[caawn.org.sa/wp-content/uploads/2025/09/pngtree-line-donkey-black-and-white-logo-abstract-drawing-of-png-image_1915743-80x80.jpg]
[caawn.org.sa/project/beecourse/index.html]
[caawn.org.sa/beecourse18/index.html]
[caawn.org.sa/الدورة-رقم-15/index.html]
[caawn.org.sa/الدورة-رقم-21/index.html]
[caawn.org.sa/دورة-تدريبية-24/index.html]
[caawn.org.sa/wp-json/oembed/1.0/embed04f1.json]
[caawn.org.sa/project/livestock/feed/index.html]
[caawn.org.sa/wp-json/oembed/1.0/embedaf06]
[caawn.org.sa/wp-content/uploads/2025/04/pngtree-line-donkey-black-and-white-logo-abstract-drawing-of-png-image_1915743-removebg-preview.png]
[caawn.org.sa/wp-content/uploads/2025/01/1295bdeb-4e24-4372-8d61-3b7e806c2a4f-80x80.png]
[caawn.org.sa/livestockcourse1/index.html]
[caawn.org.sa/wp-content/uploads/2025/04/b4105bb5d4ad9fbafe97d3e6e884c48d-80x80.jpg]
[caawn.org.sa/project/livestock/index.html]
[caawn.org.sa/wp-json/oembed/1.0/embed6802.json]
[caawn.org.sa/project/desingecourse/feed/index.html]
[caawn.org.sa/project/desingecourse/index.html]
[caawn.org.sa/wp-json/oembed/1.0/embedbcf0]
[caawn.org.sa/wp-json/oembed/1.0/embed578f.json]
[caawn.org.sa/project/sharingfarming/feed/index.html]
[caawn.org.sa/wp-json/oembed/1.0/embed29fd]
[caawn.org.sa/wp-content/uploads/2025/01/تصميم-بدون-عنوان-80x80.png]
[caawn.org.sa/project/sharingfarming/index.html]
[caawn.org.sa/wp-json/oembed/1.0/embed4225.json]
[caawn.org.sa/project/tasmed/feed/index.html]
[caawn.org.sa/project/tasmed/index.html]
[caawn.org.sa/wp-json/oembed/1.0/embedb607]
[caawn.org.sa/wp-json/oembed/1.0/embed9233.json]
[caawn.org.sa/project/phtest/feed/index.html]
[caawn.org.sa/wp-json/oembed/1.0/embeded3e]
[caawn.org.sa/wp-content/uploads/2025/09/pngtree-pest-control-icon-icon-for-online-store-vector-png-image_7034861-1-80x80.png]
[caawn.org.sa/project/phtest/index.html]
[caawn.org.sa/project/tjhez/feed/index.html]
[caawn.org.sa/wp-json/oembed/1.0/embede546.json]
[caawn.org.sa/wp-json/oembed/1.0/embedae7d]
[caawn.org.sa/wp-content/uploads/2025/09/images-80x80.png]
[caawn.org.sa/project/tjhez/index.html]
[caawn.org.sa/wp-json/oembed/1.0/embed236f.json]
[caawn.org.sa/project/bater/feed/index.html]
[caawn.org.sa/wp-json/oembed/1.0/embed2832]
[caawn.org.sa/wp-content/uploads/2025/09/8e3f6001-b0ed-43c9-b3e3-5e1c2678eb22-80x80.png]
[caawn.org.sa/project/bater/index.html]
[caawn.org.sa/wp-json/oembed/1.0/embed9d5f.json]
[caawn.org.sa/project/landskip/feed/index.html]
[caawn.org.sa/wp-json/oembed/1.0/embed58f8]
[caawn.org.sa/wp-content/uploads/2025/09/دراسة-الجدوى-الاقتصادية-للمشروع_1646191033-80x80.png]
[caawn.org.sa/project/landskip/index.html]
[caawn.org.sa/wp-json/oembed/1.0/embedb802.json]
[caawn.org.sa/project/jdow/feed/index.html]
[caawn.org.sa/project/jdow/index.html]
[caawn.org.sa/wp-content/uploads/2023/08/bgg.html]
[caawn.org.sa/index6dad.html]
[caawn.org.sa/indexd800.html]
[caawn.org.sa/index6af7.html]
[caawn.org.sa/index846b.html]
[caawn.org.sa/wp-json/oembed/1.0/embed207f]
[caawn.org.sa/wp-includes/css/dashicons.min32d4.css]
[caawn.org.sa/wp-includes/css/buttons-rtl.min32d4.css]
[caawn.org.sa/wp-admin/css/forms-rtl.min32d4.css]
[caawn.org.sa/wp-admin/css/l10n-rtl.min32d4.css]
[caawn.org.sa/wp-admin/css/login-rtl.min32d4.css]
[caawn.org.sa/wp-content/plugins/advanced-nocaptcha-recaptcha/assets/css/style7ef2.css]
[caawn.org.sa/wp-content/uploads/2025/09/cropped-512-270x270.jpg]
[caawn.org.sa/wp-admin/&reauth=1]
[caawn.org.sa/wp-loginc2b6.html]
[caawn.org.sa/wp-includes/js/clipboard.min3c89.js]
[caawn.org.sa/wp-includes/js/zxcvbn-async.min5152.js]
[caawn.org.sa/wp-admin/js/password-strength-meter.min32d4.js]
[caawn.org.sa/wp-includes/js/dist/dom-ready.min5346.js]
[caawn.org.sa/wp-includes/js/dist/a11y.min3f73.js]
[caawn.org.sa/wp-admin/js/user-profile.min32d4.js]
[www.google.com/recaptcha/api90d5.js]
[caawn.org.sa/wp-login9ef8.html]
[caawn.org.sa/indexc7dd.html]
[caawn.org.sa/wp-json/wp/v2/pages/2679.json]
[caawn.org.sa/wp-json/oembed/1.0/embed77de.json]
[caawn.org.sa/wp-content/uploads/2023/11/106a8838-40eb-401f-b45f-08dd5598942b.png]
[caawn.org.sa/about-the-association-2/index.html]
[caawn.org.sa/wp-json/oembed/1.0/embed65fd]
[caawn.org.sa/fermi-compost-factory/index.html]
[caawn.org.sa/filling-and-cleaning-plant/index.html]
[caawn.org.sa/the-news/index.html]
[caawn.org.sa/satisfaction-measurement-questionnaire/index.html]
[caawn.org.sa/wp-json/wp/v2/pages/29333.json]
[caawn.org.sa/wp-json/oembed/1.0/embeda6df.json]
[caawn.org.sa/wp-json/oembed/1.0/embed1770]
[caawn.org.sa/wp-content/uploads/ultimatemember/2/profile_photo-190x190ebae.jpg]
[caawn.org.sa/user/admin/index.html]
[caawn.org.sa/indexfd3b.html]
[caawn.org.sa/user/admin/index12c0.html]
[caawn.org.sa/wp-json/wp/v2/pages/30657.json]
[caawn.org.sa/user/admin/index220f.html]
[caawn.org.sa/user/admin/indexa58b.html]
[caawn.org.sa/wp-json/oembed/1.0/embed0a3e.json]
[caawn.org.sa/beecourse10-2/index.html]
[caawn.org.sa/wp-json/oembed/1.0/embed6fc4]
[caawn.org.sa/wp-json/wp/v2/pages/30680.json]
[caawn.org.sa/wp-json/oembed/1.0/embeda1be.json]
[caawn.org.sa/beecourse13/index.html]
[caawn.org.sa/wp-json/oembed/1.0/embeda8bb]
[caawn.org.sa/wp-json/wp/v2/pages/30703.json]
[caawn.org.sa/wp-json/oembed/1.0/embed572f.json]
[caawn.org.sa/beecourse16/index.html]
[caawn.org.sa/دورة-تدريبية-22/index.html]
[caawn.org.sa/الدورة-رقم-25/index.html]
[caawn.org.sa/wp-json/oembed/1.0/embedf557]
[caawn.org.sa/wp-json/wp/v2/pages/30663.json]
[caawn.org.sa/wp-json/oembed/1.0/embed3993.json]
[caawn.org.sa/beecourse11/index.html]
[caawn.org.sa/wp-json/oembed/1.0/embedbed9]
[caawn.org.sa/wp-json/wp/v2/pages/30688.json]
[caawn.org.sa/wp-json/oembed/1.0/embeda31b.json]
[caawn.org.sa/beecourse14/index.html]
[caawn.org.sa/wp-json/oembed/1.0/embedfe80]
[caawn.org.sa/wp-json/wp/v2/pages/30709.json]
[caawn.org.sa/wp-json/oembed/1.0/embed3088.json]
[caawn.org.sa/beecourse17/index.html]
[caawn.org.sa/الدورة-رقم-20/index.html]
[caawn.org.sa/دورة-تدريبية-23/index.html]
[caawn.org.sa/wp-json/oembed/1.0/embed4039]
[caawn.org.sa/wp-json/wp/v2/pages/30673.json]
[caawn.org.sa/wp-json/oembed/1.0/embedcf43.json]
[caawn.org.sa/beecourse12/index.html]
[caawn.org.sa/الدورة-رقم-15/index.html]
[caawn.org.sa/wp-json/oembed/1.0/embed5780]
[caawn.org.sa/wp-json/wp/v2/pages/30717.json]
[caawn.org.sa/wp-json/oembed/1.0/embed1be4.json]
[caawn.org.sa/beecourse18/index.html]
[caawn.org.sa/الدورة-رقم-21/index.html]
[caawn.org.sa/دورة-تدريبية-24/index.html]
[caawn.org.sa/index7544.html]
[caawn.org.sa/wp-json/oembed/1.0/embed2f07]
[caawn.org.sa/wp-json/wp/v2/pages/30738.json]
[caawn.org.sa/wp-json/oembed/1.0/embedf5eb.json]
[caawn.org.sa/livestockcourse1/index.html]
[caawn.org.sa/index35b8.html]
[caawn.org.sa/index1018.html]
[caawn.org.sa/indexbfad.html]
[caawn.org.sa/indexe9ef.html]
[caawn.org.sa/index6438.html]
[caawn.org.sa/index5439.html]
[caawn.org.sa/index0927.html]
[caawn.org.sa/index0e3a.html]
[wp.caawn.org.sa/wp-content/uploads/2025/09/logo2025.html]
[caawn.org.sa/wp-includes/fonts/dashicons7d4b.eot]
[caawn.org.sa/wp-json/oembed/1.0/embedbf7f]
[caawn.org.sa/wp-includes/fonts/dashicons7d4b.ttf]
[caawn.org.sa/wp-includes/css/dashicons.min32d4.css]
[caawn.org.sa/wp-includes/css/buttons-rtl.min32d4.css]
[caawn.org.sa/wp-admin/images/loading.gif]
[caawn.org.sa/wp-admin/css/forms-rtl.min32d4.css]
[caawn.org.sa/wp-admin/css/l10n-rtl.min32d4.css]
[caawn.org.sa/wp-admin/images/w-logo-blue7a53.png]
[caawn.org.sa/wp-admin/css/login-rtl.min32d4.css]
[caawn.org.sa/wp-content/plugins/advanced-nocaptcha-recaptcha/assets/css/style7ef2.css]
[caawn.org.sa/wp-admin/&reauth=1.html]
[caawn.org.sa/wp-loginc2b6.html]
[caawn.org.sa/index7667.html]
[caawn.org.sa/wp-login.html]
[caawn.org.sa/wp-json/wp/v2/pages/1863.json]
[caawn.org.sa/wp-json/oembed/1.0/embedae2d.json]
[caawn.org.sa/fermi-compost-factory/index.html]
[caawn.org.sa/wp-json/oembed/1.0/embed3d1c]
[caawn.org.sa/wp-json/wp/v2/pages/1922.json]
[caawn.org.sa/wp-json/oembed/1.0/embedbfcc.json]
[caawn.org.sa/filling-and-cleaning-plant/index.html]
[caawn.org.sa/wp-json/oembed/1.0/embeda503]
[caawn.org.sa/wp-json/wp/v2/pages/1456.json]
[caawn.org.sa/wp-json/oembed/1.0/embed2af5.json]
[caawn.org.sa/the-news/index.html]
[caawn.org.sa/wp-json/oembed/1.0/embed0a65]
[caawn.org.sa/wp-json/wp/v2/pages/3642.json]
[caawn.org.sa/wp-json/oembed/1.0/embedb4ae.json]
[caawn.org.sa/wp-json/oembed/1.0/embed5c34]
[caawn.org.sa/wp-content/plugins/elementor/assets/css/widget-icon-list-rtl.min.21a.delayed]
[caawn.org.sa/satisfaction-measurement-questionnaire/index.html]
[caawn.org.sa/index6e5c.html]
[caawn.org.sa/wp-content/uploads/ultimatemember/2/profile_photo-190x190e1e6.jpg]
[caawn.org.sa/user/admin/index12c0.html]
[caawn.org.sa/wp-content/uploads/2025/09/news-2-450x289.jpg]
[caawn.org.sa/wp-content/uploads/2025/09/GpJComHWUAA9w-A-450x336.jpg]
[caawn.org.sa/wp-content/uploads/2025/09/GJ2L9nQXYAAOgIU-289x450.jpg]
[caawn.org.sa/wp-content/uploads/2025/09/cb043c1db9dd931d9d358ce263ac2fd8-450x253.jpg]
[caawn.org.sa/user/admin/indexa58b.html]
[caawn.org.sa/user/admin/index220f.html]
[caawn.org.sa/index216c.html]
[caawn.org.sa/index8efb.html]
[caawn.org.sa/index5dc9.html]
[caawn.org.sa/index0bf7.html]
[caawn.org.sa/index2dfc.html]
[caawn.org.sa/index350c.html]
[caawn.org.sa/index318e.html]
[caawn.org.sa/index38ba.html]
[caawn.org.sa/index453c.html]
[wp.caawn.org.sa/wp-content/uploads/2025/09/GpJComHWUAA9w-A.html]
[wp.caawn.org.sa/wp-content/uploads/2025/09/GpJComHWsAAfIui.html]
[wp.caawn.org.sa/wp-content/uploads/2025/09/GJ2L9nQXYAAOgIU.html]
[wp.caawn.org.sa/wp-content/uploads/2025/09/GJ2L9nPXkAAO-D9.html]
[caawn.org.sa/wp-admin/images/wordpress-logo7d6b.svg]
[caawn.org.sa/wp-login.html]
[caawn.org.sa/indexdccb.html]
[caawn.org.sa/index6093.html]
[caawn.org.sa/index1f46.html]
[caawn.org.sa/index7ff3.html]
[caawn.org.sa/wp-content/plugins/elementor/assets/css/widget-icon-list-rtl.min.html]
[caawn.org.sa/user/index.html]
